---
source: plugins/read-plugin/tests/render_snapshots.rs
expression: "render(r#\"# Heading\n\nParagraph with **bold**, *emphasis*, ~~strike~~, [link](https://example.com), `inline code`, and Unicode 🦀 café.\n\n> [!NOTE]\n> Blockquote alert.\n\n1. Ordered\n2. List\n\n- Unordered\n- [x] Done\n- [ ] Pending\n\n| Wide heading | Other heading |\n| --- | --- |\n| value | another value |\n\n```rust\nfn main() {\n    println!(\"hello\");\n}\n```\n\n[malformed](<\"#,\n80,)"
---
00 │ Heading
01 │ 
02 │ Paragraph with bold, emphasis, strike, link, inline code, and Unicode 🦀 café.
03 │ │ ⓘ NOTE
04 │ │  Blockquote alert.
05 │ 
06 │ 1.  Ordered
07 │ 2.  List
08 │ 
09 │ •  Unordered
10 │ •  ☑ Done
11 │ •  ☐ Pending
12 │ 
13 │ ┌──────────────┬───────────────┐
14 │ │ Wide heading │ Other heading │
15 │ ├──────────────┼───────────────┤
16 │ │ value        │ another value │
17 │ └──────────────┴───────────────┘
18 │ 
19 │ ┌─ rust
20 │ │ fn main() {
21 │ │     println!("hello");
22 │ │ }
23 │ └─
24 │ 
25 │ [malformed](<
